2026-09-06 08:56:19 - INFO - ======================================================================
2026-09-06 08:56:19 - INFO - AUDIT LOG - FMCG_ETL_Pipeline
2026-09-06 08:56:19 - INFO - ======================================================================
2026-09-06 08:56:19 - INFO - Execution ID: 20260906_085619
2026-09-06 08:56:19 - INFO - Start Time: 2026-09-06 08:56:19
2026-09-06 08:56:19 - INFO - ======================================================================
2026-09-06 08:56:19 - INFO - 
2026-09-06 08:56:19 - INFO - >>> STAGE: EXTRACT <<<
2026-09-06 08:56:19 - INFO -     Description: Loading raw files from data/raw/
2026-09-06 08:56:19 - INFO -     Started at: 2026-09-06 08:56:19
2026-09-06 08:56:19 - INFO - 
2026-09-06 08:56:19 - INFO - --- FILES READ ---
2026-09-06 08:56:19 - INFO -   ✅ sales: sales.csv (87,427 bytes)
2026-09-06 08:56:19 - INFO -   ✅ orders: orders.csv (113,447 bytes)
2026-09-06 08:56:19 - INFO -   ✅ inventory: inventory.csv (80,382 bytes)
2026-09-06 08:56:19 - INFO -   ✅ warehouses: warehouses.csv (340 bytes)
2026-09-06 08:56:19 - INFO - 
2026-09-06 08:56:19 - INFO - --- ROWS PROCESSED (EXTRACT) ---
2026-09-06 08:56:19 - INFO -   sales: 1,812
2026-09-06 08:56:19 - INFO -   orders: 2,213
2026-09-06 08:56:19 - INFO -   inventory: 2,500
2026-09-06 08:56:19 - INFO -   warehouses: 8
2026-09-06 08:56:19 - INFO -     Completed: SUCCESS
2026-09-06 08:56:19 - INFO -       files_loaded: 4
2026-09-06 08:56:19 - INFO -       total_rows: 6533
2026-09-06 08:56:19 - INFO - 
2026-09-06 08:56:19 - INFO - >>> STAGE: VALIDATE <<<
2026-09-06 08:56:19 - INFO -     Description: Validating data against business rules (Q2)
2026-09-06 08:56:19 - INFO -     Started at: 2026-09-06 08:56:19
2026-09-06 08:56:23 - INFO - 
2026-09-06 08:56:23 - INFO - --- VALIDATION RESULTS ---
2026-09-06 08:56:23 - WARNING -   ⚠️  sales: 1316 violations found
2026-09-06 08:56:23 - INFO -       Rule R4: 720
2026-09-06 08:56:23 - INFO -       Rule R2: 246
2026-09-06 08:56:23 - INFO -       Rule R5: 184
2026-09-06 08:56:23 - INFO -       Rule R3: 154
2026-09-06 08:56:23 - INFO -       Rule R1: 12
2026-09-06 08:56:23 - WARNING -   ⚠️  orders: 1496 violations found
2026-09-06 08:56:23 - INFO -       Rule R4: 887
2026-09-06 08:56:23 - INFO -       Rule R2: 226
2026-09-06 08:56:23 - INFO -       Rule R5: 188
2026-09-06 08:56:23 - INFO -       Rule R3: 182
2026-09-06 08:56:23 - INFO -       Rule R1: 13
2026-09-06 08:56:23 - WARNING -   ⚠️  inventory: 1459 violations found
2026-09-06 08:56:23 - INFO -       Rule R4: 973
2026-09-06 08:56:23 - INFO -       Rule R2: 200
2026-09-06 08:56:23 - INFO -       Rule R3: 173
2026-09-06 08:56:23 - INFO -       Rule R5: 113
2026-09-06 08:56:23 - WARNING -   ⚠️  TOTAL: 4271 violations found
2026-09-06 08:56:23 - INFO -     Completed: SUCCESS
2026-09-06 08:56:23 - INFO -       total_violations: 4271
2026-09-06 08:56:23 - INFO -       clean_rows:
2026-09-06 08:56:23 - INFO -         sales: 496
2026-09-06 08:56:23 - INFO -         orders: 717
2026-09-06 08:56:23 - INFO -         inventory: 1041
2026-09-06 08:56:23 - INFO -         warehouses: 8
2026-09-06 08:56:23 - INFO - 
2026-09-06 08:56:23 - INFO - >>> STAGE: TRANSFORM <<<
2026-09-06 08:56:23 - INFO -     Description: Cleaning and standardizing data (Q3)
2026-09-06 08:56:23 - INFO -     Started at: 2026-09-06 08:56:23
2026-09-06 08:56:23 - INFO - 
2026-09-06 08:56:23 - INFO - --- CLEANING RESULTS ---
2026-09-06 08:56:23 - INFO -   sales:
2026-09-06 08:56:23 - INFO -     Initial rows: 1,812
2026-09-06 08:56:23 - INFO -     Final rows: 1,800
2026-09-06 08:56:23 - INFO -     Removed: 12 (0.7%)
2026-09-06 08:56:23 - INFO -     Columns: 6
2026-09-06 08:56:23 - INFO -   orders:
2026-09-06 08:56:23 - INFO -     Initial rows: 2,213
2026-09-06 08:56:23 - INFO -     Final rows: 2,200
2026-09-06 08:56:23 - INFO -     Removed: 13 (0.6%)
2026-09-06 08:56:23 - INFO -     Columns: 6
2026-09-06 08:56:23 - INFO -   inventory:
2026-09-06 08:56:23 - INFO -     Initial rows: 2,500
2026-09-06 08:56:23 - INFO -     Final rows: 2,425
2026-09-06 08:56:23 - INFO -     Removed: 75 (3.0%)
2026-09-06 08:56:23 - INFO -     Columns: 4
2026-09-06 08:56:23 - INFO -   warehouses:
2026-09-06 08:56:24 - INFO -     Initial rows: 8
2026-09-06 08:56:24 - INFO -     Final rows: 8
2026-09-06 08:56:24 - INFO -     Removed: 0 (0.0%)
2026-09-06 08:56:24 - INFO -     Columns: 4
2026-09-06 08:56:24 - INFO - 
2026-09-06 08:56:24 - INFO -   TOTAL:
2026-09-06 08:56:24 - INFO -     Initial rows: 6,533
2026-09-06 08:56:24 - INFO -     Final rows: 6,433
2026-09-06 08:56:24 - INFO -     Removed: 100
2026-09-06 08:56:24 - INFO -     Completed: SUCCESS
2026-09-06 08:56:24 - INFO -       files_cleaned: 4
2026-09-06 08:56:24 - INFO -       total_removed: 100
2026-09-06 08:56:24 - INFO - 
2026-09-06 08:56:24 - INFO - >>> STAGE: SAVE <<<
2026-09-06 08:56:24 - INFO -     Description: Saving cleaned files to data/processed/
2026-09-06 08:56:24 - INFO -     Started at: 2026-09-06 08:56:24
2026-09-06 08:56:24 - INFO -     Completed: SUCCESS
2026-09-06 08:56:24 - INFO -       files_saved: 4
2026-09-06 08:56:24 - INFO -       output_directory: C:\Users\WelCome\Documents\studybuild\Mahshid28\data\processed
2026-09-06 08:56:24 - INFO - 
2026-09-06 08:56:24 - INFO - >>> STAGE: INTEGRATE <<<
2026-09-06 08:56:24 - INFO -     Description: Integrating data sources (Q4)
2026-09-06 08:56:24 - INFO -     Started at: 2026-09-06 08:56:24
2026-09-06 08:56:29 - INFO - 
2026-09-06 08:56:29 - INFO - --- INTEGRATION RESULTS ---
2026-09-06 08:56:29 - INFO -   sales: 1,800 rows
2026-09-06 08:56:29 - INFO -   orders: 2,200 rows
2026-09-06 08:56:29 - INFO -   inventory: 2,425 rows
2026-09-06 08:56:29 - INFO -   warehouses: 8 rows
2026-09-06 08:56:29 - INFO -   Final integrated: 2,554,398 rows, 14 columns
2026-09-06 08:56:29 - INFO -   sales_orders: 22888 rows
2026-09-06 08:56:29 - WARNING -     Unmatched in left: 53
2026-09-06 08:56:29 - WARNING -     Unmatched in right: 71
2026-09-06 08:56:29 - INFO -   inventory: 2554398 rows
2026-09-06 08:56:29 - WARNING -     Unmatched in left: 53
2026-09-06 08:56:29 - WARNING -     Unmatched in right: 87
2026-09-06 08:56:29 - INFO -   warehouses: 2554398 rows
2026-09-06 08:56:29 - WARNING -     Unmatched in left: 3
2026-09-06 08:56:29 - INFO -     Completed: SUCCESS
2026-09-06 08:56:29 - INFO -       final_rows: 2554398
2026-09-06 08:56:29 - INFO -       final_columns: 14
2026-09-06 08:56:29 - INFO - 
2026-09-06 08:56:29 - INFO - >>> STAGE: ANALYTICS_Q6 <<<
2026-09-06 08:56:29 - INFO -     Description: Generating attention alerts (Q6)
2026-09-06 08:56:29 - INFO -     Started at: 2026-09-06 08:56:29
2026-09-06 08:56:29 - INFO - 
2026-09-06 08:56:29 - INFO - >>> STAGE: REPRODUCIBILITY_Q7 <<<
2026-09-06 08:56:29 - INFO -     Description: Verifying reproducibility (Q7)
2026-09-06 08:56:29 - INFO -     Started at: 2026-09-06 08:56:29
2026-09-06 08:56:29 - INFO -     Completed: SUCCESS
2026-09-06 08:56:29 - INFO -       reproducible: True
2026-09-06 08:56:29 - INFO - 
2026-09-06 08:56:29 - INFO - >>> STAGE: DB_LOAD <<<
2026-09-06 08:56:29 - INFO -     Description: Loading data to SQLite database
2026-09-06 08:56:29 - INFO -     Started at: 2026-09-06 08:56:29
2026-09-06 08:56:29 - INFO -   ✅ Loaded sales: 1800 rows
2026-09-06 08:56:29 - INFO -   ✅ Loaded orders: 2200 rows
2026-09-06 08:56:30 - INFO -   ✅ Loaded inventory: 2425 rows
2026-09-06 08:56:30 - INFO -   ✅ Loaded warehouses: 8 rows
2026-09-06 08:56:58 - INFO -   ✅ Loaded integrated_data: 2554398 rows
2026-09-06 08:56:58 - INFO - 
2026-09-06 08:56:58 - INFO - --- DATABASE LOAD STATUS ---
2026-09-06 08:56:58 - INFO -   ✅ Database: inventory.db (270,970,880 bytes)
2026-09-06 08:56:58 - INFO -     sales: 1,800 rows
2026-09-06 08:56:58 - INFO -     orders: 2,200 rows
2026-09-06 08:56:58 - INFO -     inventory: 2,425 rows
2026-09-06 08:56:58 - INFO -     warehouses: 8 rows
2026-09-06 08:56:58 - INFO -     integrated_data: 2,554,398 rows
2026-09-06 08:56:58 - INFO -     Completed: SUCCESS
2026-09-06 08:56:58 - INFO -       db_path: C:\Users\WelCome\Documents\studybuild\Mahshid28\database\inventory.db
2026-09-06 08:56:58 - INFO -       tables_loaded: 5
2026-09-06 08:56:58 - INFO -       total_rows_db: 2560831
2026-09-06 08:56:58 - INFO - 
2026-09-06 08:56:58 - INFO - >>> STAGE: DB_CREATE <<<
2026-09-06 08:56:58 - INFO -     Description: Creating SQLite database (.db)
2026-09-06 08:56:58 - INFO -     Started at: 2026-09-06 08:56:58
2026-09-06 08:56:59 - INFO - 
2026-09-06 08:56:59 - INFO - --- DATABASE LOAD STATUS ---
2026-09-06 08:56:59 - INFO -   ✅ Database: inventory.db (536,576 bytes)
2026-09-06 08:56:59 - INFO -     sales: 1,800 rows
2026-09-06 08:56:59 - INFO -     orders: 2,200 rows
2026-09-06 08:56:59 - INFO -     inventory: 2,425 rows
2026-09-06 08:56:59 - INFO -     warehouses: 8 rows
2026-09-06 08:56:59 - INFO -     Completed: SUCCESS
2026-09-06 08:56:59 - INFO -       db_path: C:\Users\WelCome\Documents\studybuild\Mahshid28\database\inventory.db
2026-09-06 08:56:59 - INFO -       tables_loaded: 4
2026-09-06 08:56:59 - INFO - 
2026-09-06 08:56:59 - INFO - >>> STAGE: QUALITY_SUMMARY <<<
2026-09-06 08:56:59 - INFO -     Description: Generating data quality summary
2026-09-06 08:56:59 - INFO -     Started at: 2026-09-06 08:56:59
2026-09-06 08:56:59 - INFO -     Completed: SUCCESS
2026-09-06 08:56:59 - INFO -       overall_score: 83.0
2026-09-06 08:56:59 - INFO -       file_count: 4
2026-09-06 08:56:59 - INFO - 
2026-09-06 08:56:59 - INFO - >>> STAGE: ANALYTICAL_FIGURES <<<
2026-09-06 08:56:59 - INFO -     Description: Generating analytical figures
2026-09-06 08:56:59 - INFO -     Started at: 2026-09-06 08:56:59
2026-09-06 08:56:59 - INFO -     Completed: SUCCESS
2026-09-06 08:56:59 - INFO -       figures_dir: C:\Users\WelCome\Documents\studybuild\Mahshid28\data\processed\figures
2026-09-06 08:56:59 - INFO - 
2026-09-06 08:56:59 - INFO - ======================================================================
2026-09-06 08:56:59 - INFO - AUDIT LOG - FINISHED
2026-09-06 08:56:59 - INFO - ======================================================================
2026-09-06 08:56:59 - INFO - Status: SUCCESS
2026-09-06 08:56:59 - INFO - End Time: 2026-09-06 08:56:59
2026-09-06 08:56:59 - INFO - Duration: 39.73 seconds
2026-09-06 08:56:59 - INFO - ======================================================================
2026-09-06 08:56:59 - INFO - Audit data saved to: C:\Users\WelCome\Documents\studybuild\Mahshid28\logs\audit_20260906_085619.json
